node.exe : 
At line:1 char:1
+ & "C:\Program 
Files\nodejs/node.exe" 
"C:\Program 
Files\nodejs/node_mo ...
+ ~~~~~~~~~~~~~~~~~~~~~~~~~~~
~~~~~~~~~~~~~~~~~~~~~~~~~~~~~
~~~~~~~~~~~~~
    + CategoryInfo           
   : NotSpecified: (:String  
  ) [], RemoteException
    + FullyQualifiedErrorId  
   : NativeCommandError
 
[1m[31mError: 
[39m[22m[31m[1mPrisma 
schema validation[22m[39m 
- (validate wasm)
Error code: P1012
[31m[1m[1;91merror[0m: 
[1mError validating: This 
line is invalid. It does not 
start with any known Prisma 
schema keyword.[0m
  [1;94m-->[0m  [4mprisma\
schema.prisma:1[0m
[1;94m   | [0m
[1;94m   | [0m
[1;94m 1 | [0m[1;91m∩╗┐// 
Prisma Schema - Banadama MVP
[0m
[1;94m 2 | [0m// Complete 
implementation with all 
models for B2B marketplace
[1;94m   | [0m
[1;91merror[0m: [1mThe 
model "AffiliateProfile" 
cannot be defined because a 
model with that name already 
exists.[0m
  [1;94m-->[0m  [4mprisma\
schema.prisma:1859[0m
[1;94m   | [0m
[1;94m1858 | [0m
[1;94m1859 | [0mmodel 
[1;91mAffiliateProfile[0m {
[1;94m   | [0m
[1;91merror[0m: [1mThe 
model "AffiliateLink" cannot 
be defined because a model 
with that name already 
exists.[0m
  [1;94m-->[0m  [4mprisma\
schema.prisma:1943[0m
[1;94m   | [0m
[1;94m1942 | [0m
[1;94m1943 | [0mmodel 
[1;91mAffiliateLink[0m {
[1;94m   | [0m
[1;91merror[0m: [1mThe 
model "AffiliatePayout" 
cannot be defined because a 
model with that name already 
exists.[0m
  [1;94m-->[0m  [4mprisma\
schema.prisma:2095[0m
[1;94m   | [0m
[1;94m2094 | [0m
[1;94m2095 | [0mmodel 
[1;91mAffiliatePayout[0m {
[1;94m   | [0m

Validation Error Count: 
4[22m[39m
[Context: validate]

Prisma CLI Version : 5.22.0
